nohup: ignoring input
2025-06-07 19:24:30,644 - root - INFO - Connecting to database...
2025-06-07 19:24:32,631 - databases - INFO - Connected to database postgresql://cooplink_c1n2_user:********@dpg-d1277gs9c44c7381da8g-a.oregon-postgres.render.com/cooplink_c1n2
2025-06-07 19:24:32,631 - root - INFO - Creating tables...
2025-06-07 19:24:36,535 - root - INFO - Setting bot commands...
2025-06-07 19:24:36,660 - root - ERROR - Failed to set admin commands for 6236467772: Bot.set_my_commands() got an unexpected keyword argument 'chat_id'
2025-06-07 19:24:36,660 - root - INFO - Starting bot...
2025-06-07 19:24:36,661 - aiogram.dispatcher - INFO - Start polling
2025-06-07 19:24:36,682 - aiogram.dispatcher - INFO - Run polling for bot @cooplinkbot id=7510441533 - 'Cooplink'
2025-06-07 19:27:31,455 - aiogram.event - INFO - Update id=850442770 is handled. Duration 1396 ms by bot id=7510441533
2025-06-07 19:27:33,751 - aiogram.event - INFO - Update id=850442771 is handled. Duration 1146 ms by bot id=7510441533
2025-06-07 19:27:36,616 - aiogram.event - INFO - Update id=850442772 is handled. Duration 1390 ms by bot id=7510441533
2025-06-07 19:27:40,771 - aiogram.event - INFO - Update id=850442773 is handled. Duration 941 ms by bot id=7510441533
2025-06-07 19:27:53,656 - aiogram.event - INFO - Update id=850442774 is handled. Duration 1883 ms by bot id=7510441533
2025-06-07 19:27:55,445 - aiogram.event - INFO - Update id=850442775 is handled. Duration 772 ms by bot id=7510441533
2025-06-07 19:27:58,392 - aiogram.event - INFO - Update id=850442776 is handled. Duration 950 ms by bot id=7510441533
2025-06-07 19:47:51,955 - aiogram.event - INFO - Update id=850442777 is handled. Duration 1493 ms by bot id=7510441533
2025-06-07 19:48:12,287 - aiogram.event - INFO - Update id=850442778 is handled. Duration 456 ms by bot id=7510441533
2025-06-07 19:48:18,432 - aiogram.event - INFO - Update id=850442779 is handled. Duration 1442 ms by bot id=7510441533
2025-06-07 19:48:21,125 - aiogram.event - INFO - Update id=850442780 is handled. Duration 1173 ms by bot id=7510441533
2025-06-07 19:48:29,507 - aiogram.event - INFO - Update id=850442781 is handled. Duration 1456 ms by bot id=7510441533
2025-06-07 19:48:32,049 - aiogram.event - INFO - Update id=850442782 is handled. Duration 974 ms by bot id=7510441533
2025-06-07 20:08:45,901 - aiogram.event - INFO - Update id=850442783 is handled. Duration 1400 ms by bot id=7510441533
2025-06-07 22:01:42,957 - aiogram.event - INFO - Update id=850442784 is handled. Duration 1375 ms by bot id=7510441533
2025-06-07 22:01:57,739 - aiogram.event - INFO - Update id=850442785 is handled. Duration 370 ms by bot id=7510441533
2025-06-07 22:02:07,602 - aiogram.event - INFO - Update id=850442786 is handled. Duration 1414 ms by bot id=7510441533
2025-06-07 22:02:13,844 - aiogram.event - INFO - Update id=850442787 is handled. Duration 1097 ms by bot id=7510441533
2025-06-07 22:02:21,525 - aiogram.event - INFO - Update id=850442788 is handled. Duration 1077 ms by bot id=7510441533
2025-06-08 03:16:26,556 - aiogram.event - INFO - Update id=850442789 is handled. Duration 1962 ms by bot id=7510441533
2025-06-08 03:16:26,569 - aiogram.event - INFO - Update id=850442790 is handled. Duration 1937 ms by bot id=7510441533
2025-06-08 03:26:57,696 - aiogram.event - INFO - Update id=850442791 is handled. Duration 2431 ms by bot id=7510441533
2025-06-08 03:27:01,183 - aiogram.event - INFO - Update id=850442792 is handled. Duration 1070 ms by bot id=7510441533
2025-06-08 03:27:06,825 - aiogram.event - INFO - Update id=850442793 is handled. Duration 1392 ms by bot id=7510441533
2025-06-08 03:27:09,442 - aiogram.event - INFO - Update id=850442794 is handled. Duration 924 ms by bot id=7510441533
2025-06-08 03:27:13,078 - aiogram.event - INFO - Update id=850442795 is handled. Duration 989 ms by bot id=7510441533
2025-06-08 03:27:18,318 - aiogram.event - INFO - Update id=850442796 is handled. Duration 922 ms by bot id=7510441533
2025-06-08 03:27:24,484 - aiogram.event - INFO - Update id=850442797 is handled. Duration 942 ms by bot id=7510441533
2025-06-08 07:05:18,365 - aiogram.event - INFO - Update id=850442798 is handled. Duration 2013 ms by bot id=7510441533
2025-06-08 08:02:46,642 - aiogram.event - INFO - Update id=850442799 is handled. Duration 2569 ms by bot id=7510441533
